[aircrafta2z.com/index.html]
[backblue.gif]
[fade.gif]
[index.html]
[aircrafta2z.com/xmlrpc.php]
[aircrafta2z.com/wp-includes/css/dist/block-library/style.min32d4.css]
[aircrafta2z.com/wp-content/plugins/contact-form-7/includes/css/styles9b2d.css]
[aircrafta2z.com/feed/index.html]
[aircrafta2z.com/wp-content/plugins/js_composer/assets/css/js_composer.min8717.css]
[aircrafta2z.com/wp-content/themes/jnews/assets/css/js-composer-frontendc74e.css]
[aircrafta2z.com/wp-content/themes/jnews/assets/dist/frontend.minc74e.css]
[aircrafta2z.com/wp-content/themes/jnews/stylec74e.css]
[aircrafta2z.com/comments/feed/index.html]
[aircrafta2z.com/wp-content/themes/jnews/assets/css/darkmodec74e.css]
[aircrafta2z.com/wp-content/plugins/jnews-push-notification/assets/css/plugin5247.css]
[aircrafta2z.com/wp-includes/js/jquery/jquery.minf43b.js]
[aircrafta2z.com/wp-includes/js/jquery/jquery-migrate.min5589.js]
[aircrafta2z.com/wp-json/wp/v2/pages/194.json]
[aircrafta2z.com/wp-json/index.html]
[aircrafta2z.com/xmlrpc0db0.php]
[aircrafta2z.com/wp-json/oembed/1.0/embed6877.json]
[aircrafta2z.com/wp-json/oembed/1.0/embed56e1]
[aircrafta2z.com/wp-content/uploads/2025/07/cropped-Icon-32x32.png]
[aircrafta2z.com/wp-content/uploads/2025/07/cropped-Icon-192x192.png]
[aircrafta2z.com/wp-content/uploads/2025/07/cropped-Icon-180x180.png]
[aircrafta2z.com/wp-content/uploads/2025/07/Small.png]
[aircrafta2z.com/category/aircraft/index.html]
[aircrafta2z.com/category/airports/index.html]
[aircrafta2z.com/category/airlines/index.html]
[i3.wp.com/theaviationist.com/wp-content/uploads/2025/10/ProtectorFirstDeployment_1769b.jpg]
[aircrafta2z.com/category/aviation-technology/index.html]
[aircrafta2z.com/category/drones/index.html]
[aircrafta2z.com/category/helicopters/index.html]
[aircrafta2z.com/category/military-aviation/index.html]
[aircrafta2z.com/category/pilot-training/index.html]
[aircrafta2z.com/raf-protector-rg1s-have-begun-first-recognized-abroad-deployment/index.html]
[aircrafta2z.com/author/93amitgmail-com/index.html]
[i1.wp.com/loyaltylobby.com/wp-content/uploads/2023/11/Bamboo-Ho-Chi-Minh-Bangkok769b.png]
[aircrafta2z.com/bamboo-airways-restores-your-bamboo-membership-standing-if-you-ever-had-one/index.html]
[i1.wp.com/theaviationist.com/wp-content/uploads/2025/10/Su-57-Internal-Bay-1769b.jpg]
[aircrafta2z.com/first-look-contained-in-the-su-57-felons-weapons-bay/index.html]
[i1.wp.com/runway-media-production.global.ssl.fastly.net/us/originals/2025/10/Pittsburgh-New-Terminal-14769b.jpg]
[i1.wp.com/images.airlinegeeks.com/wp-content/uploads/2022/10/26173453/ICAO-scaled769b.jpg]
[i2.wp.com/static0.simpleflyingimages.com/wordpress/wp-content/uploads/2025/10/shutterstock_1592458636-16b56.jpg]
[aircrafta2z.com/inside-pittsburghs-glistening-new-1-7-billion-terminal/index.html]
[aircrafta2z.com/boeing-lastly-will-get-faa-approval-to-increase-737-max-manufacturing/index.html]
[aircrafta2z.com/unanimous-help-for-corsia-at-icao-normal-meeting/index.html]
[blogger.googleusercontent.com/img/b/R29vZ2xl/AVvXsEh0fDzGiFv0il89bz3OHLpgEADwIblIK3mFNrSoT9h/w1200-h630-p-k-no-nu/podgorica.jpg]
[i0.wp.com/theaviationist.com/wp-content/uploads/2025/10/Indonesia-J-10-Customer-1769b.jpg]
[aircrafta2z.com/wizz-airs-podgorica-base-places-strain-on-rivals/index.html]
[aircrafta2z.com/indonesia-to-grow-to-be-subsequent-buyer-for-chinas-j-10c-fighter-jet/index.html]
[i0.wp.com/media.ipadpilotnews.com/wp-content/uploads/2025/10/17150557/iPad-Pro-M5-feature-2769b.png]
[aircrafta2z.com/apple-releases-new-ipad-professional-with-m5-processor/index.html]
[i2.wp.com/kajabi-storefronts-production.kajabi-cdn.com/kajabi-storefronts-production/file-uploads/sites/968/images/4c10eee-b063-462-147-16c72a238814_3769b.jpg]
[aircrafta2z.com/wp-content/themes/jnews/assets/img/jeg-empty.png]
[aircrafta2z.com/fixing-a-harmful-coaching-hole/index.html]
[aircrafta2z.com/geminijets-airplane-fashions-september-25-new-launch-reductions/index.html]
[aircrafta2z.com/belgrade-handles-over-90-000-passengers-on-china-routes-in-h1/index.html]
[aircrafta2z.com/airports-in-us-and-canada-fall-sufferer-to-pa-hack-journey-radar/index.html]
[aircrafta2z.com/air-canada-strengthens-landline-connection-between-toronto-pearson-and-kitchener-waterloo-journey-radar/index.html]
[aircrafta2z.com/wp-includes/js/dist/hooks.min4fdd.js]
[aircrafta2z.com/i-needed-to-work-75-hour-weeks-says-ex-perth-airport-venture-supervisor-australian-aviation/index.html]
[aircrafta2z.com/tug-driver-hits-a-number-of-planes-making-an-attempt-to-match-plane-into-unimaginable-spot/index.html]
[aircrafta2z.com/anr-robinson-new-terminal-to-be-totally-operational-by-q2-2026/index.html]
[aircrafta2z.com/emirates-premium-financial-system-to-bangkok-with-retrofitted-a380-journey-radar/index.html]
[aircrafta2z.com/wp-includes/js/dist/i18n.minc33c.js]
[aircrafta2z.com/united-earnings-spirit-continues-to-shrink-cranky-flier/index.html]
[aircrafta2z.com/korean-air-to-improve-its-airbus-predictive-upkeep-resolution/index.html]
[aircrafta2z.com/iberia-upkeep-joins-honeywells-channel-companion-community-for-engine-and-element-assist/index.html]
[aircrafta2z.com/wp-content/plugins/contact-form-7/includes/swv/js/index9b2d.js]
[aircrafta2z.com/afi-klm-em-and-sunexpress-agree-six-year-engine-mro-deal/index.html]
[aircrafta2z.com/helicopter-rescue-groups-airlift-tons-of-from-devastated-alaskan-villages-truthful-lifts-helicopter-providers/index.html]
[aircrafta2z.com/wp-content/plugins/contact-form-7/includes/js/index9b2d.js]
[aircrafta2z.com/the-helicopter-coaching-software-that-can-blow-your-thoughts/index.html]
[aircrafta2z.com/worry-of-touchdown-its-clear-however-simply-barely-floor-collision-at-seattle/index.html]
[aircrafta2z.com/wp-includes/js/comment-reply.min32d4.js]
[aircrafta2z.com/the-painfully-sluggish-takeoff-each-industrial-pilot-ought-to-grasp/index.html]
[aircrafta2z.com/new-unmanned-blackhawk-unveiled-by-sikorsky/index.html]
[aircrafta2z.com/l3harris-iai-to-develop-israel-particular-model-of-sky-warden-mild-assault-plane/index.html]
[aircrafta2z.com/raaf-revives-no-12-squadron-for-maritime-surveillance-australian-aviation/index.html]
[aircrafta2z.com/wp-includes/js/hoverIntent.min3e5a.js]
[aircrafta2z.com/hawker-hunter-crashes-off-californian-coast-pilot-recovered/index.html]
[aircrafta2z.com/gopro-hero-13-overview-an-sincere-fingers-on-take-a-look-at-not-sponsored/index.html]
[aircrafta2z.com/electra-selects-evolito-to-provide-electrical-engines-for-the-el9-extremely-brief-hybrid-electrical-plane-suas-information/index.html]
[aircrafta2z.com/matrixspace-collection-b-funding-dronelife/index.html]
[aircrafta2z.com/wp-includes/js/imagesloaded.minbb93.js]
[aircrafta2z.com/tiltangle-pipistrelle-suas-information/index.html]
[aircrafta2z.com/european-drone-defence-initiative-dronelife/index.html]
[aircrafta2z.com/wrap-launches-subsequent-technology-drone-first-responder-interdiction-resolution-with-a-concentrate-on-non-deadly-response-suas-information/index.html]
[aircrafta2z.com/wp-content/themes/jnews/assets/dist/frontend.minc74e.js]
[aircrafta2z.com/wp-content/plugins/google-site-kit/dist/assets/js/googlesitekit-events-provider-contact-form-7-84e9a1056bc4922b7cbd.js]
[aircrafta2z.com/wp-content/plugins/jnews-like/assets/js/plugin5247.js]
[aircrafta2z.com/wp-content/plugins/jnews-push-notification/assets/js/plugin5247.js]
[aircrafta2z.com/wp-content/plugins/js_composer/assets/js/dist/js_composer_front.min8717.js]
[aircrafta2z.com/index.html]
[aircrafta2z.com/xmlrpc.php]
[aircrafta2z.com/index2e3c.html]
[aircrafta2z.com/wp-includes/css/dist/block-library/style.min32d4.css]
[aircrafta2z.com/wp-content/plugins/contact-form-7/includes/css/styles9b2d.css]
[aircrafta2z.com/wp-content/plugins/js_composer/assets/css/js_composer.min8717.css]
[aircrafta2z.com/wp-content/themes/jnews/assets/dist/font/fontawesome-webfont.woff2]
[aircrafta2z.com/wp-content/themes/jnews/assets/dist/frontend.minc74e.css]
[aircrafta2z.com/wp-content/themes/jnews/assets/css/js-composer-frontendc74e.css]
[aircrafta2z.com/wp-content/themes/jnews/stylec74e.css]
[aircrafta2z.com/wp-content/themes/jnews/assets/css/darkmodec74e.css]
[aircrafta2z.com/wp-content/plugins/jnews-push-notification/assets/css/plugin5247.css]
[aircrafta2z.com/wp-includes/js/jquery/jquery.minf43b.js]
[aircrafta2z.com/wp-includes/js/jquery/jquery-migrate.min5589.js]
[i2.wp.com/static0.simpleflyingimages.com/wordpress/wp-content/uploads/2025/10/shutterstock_1592458636-1fbdf.jpg]
[aircrafta2z.com/category/aircraft/index.html]
[i1.wp.com/loyaltylobby.com/wp-content/uploads/2023/11/Bamboo-Ho-Chi-Minh-Bangkokde73.png]
[aircrafta2z.com/category/airlines/index.html]
[i3.wp.com/travelradar.aero/wp-content/uploads/2025/10/Screenshot-2025-10-15-at-17.48.23-1024x375de73.png]
[aircrafta2z.com/category/airports/index.html]
[aircrafta2z.com/category/aviation-technology/index.html]
[i3.wp.com/www.firstquadcopter.com/wp-content/uploads/2025/10/GoPro-Hero-13-reviewde73.jpg]
[aircrafta2z.com/category/drones/index.html]
[aircrafta2z.com/category/helicopters/index.html]
[aircrafta2z.com/category/military-aviation/index.html]
[aircrafta2z.com/category/pilot-training/index.html]
[aircrafta2z.com/raf-protector-rg1s-have-begun-first-recognized-abroad-deployment/index.html]
[aircrafta2z.com/author/93amitgmail-com/index.html]
[aircrafta2z.com/bamboo-airways-restores-your-bamboo-membership-standing-if-you-ever-had-one/index.html]
[aircrafta2z.com/first-look-contained-in-the-su-57-felons-weapons-bay/index.html]
[aircrafta2z.com/inside-pittsburghs-glistening-new-1-7-billion-terminal/index.html]
[aircrafta2z.com/unanimous-help-for-corsia-at-icao-normal-meeting/index.html]
[aircrafta2z.com/boeing-lastly-will-get-faa-approval-to-increase-737-max-manufacturing/index.html]
[aircrafta2z.com/wizz-airs-podgorica-base-places-strain-on-rivals/index.html]
[aircrafta2z.com/indonesia-to-grow-to-be-subsequent-buyer-for-chinas-j-10c-fighter-jet/index.html]
[aircrafta2z.com/apple-releases-new-ipad-professional-with-m5-processor/index.html]
[aircrafta2z.com/fixing-a-harmful-coaching-hole/index.html]
[aircrafta2z.com/worry-of-touchdown-its-clear-however-simply-barely-floor-collision-at-seattle/index.html]
[aircrafta2z.com/geminijets-airplane-fashions-september-25-new-launch-reductions/index.html]
[aircrafta2z.com/belgrade-handles-over-90-000-passengers-on-china-routes-in-h1/index.html]
[aircrafta2z.com/airports-in-us-and-canada-fall-sufferer-to-pa-hack-journey-radar/index.html]
[aircrafta2z.com/air-canada-strengthens-landline-connection-between-toronto-pearson-and-kitchener-waterloo-journey-radar/index.html]
[aircrafta2z.com/tug-driver-hits-a-number-of-planes-making-an-attempt-to-match-plane-into-unimaginable-spot/index.html]
[aircrafta2z.com/i-needed-to-work-75-hour-weeks-says-ex-perth-airport-venture-supervisor-australian-aviation/index.html]
[aircrafta2z.com/anr-robinson-new-terminal-to-be-totally-operational-by-q2-2026/index.html]
[aircrafta2z.com/emirates-premium-financial-system-to-bangkok-with-retrofitted-a380-journey-radar/index.html]
[aircrafta2z.com/united-earnings-spirit-continues-to-shrink-cranky-flier/index.html]
[aircrafta2z.com/korean-air-to-improve-its-airbus-predictive-upkeep-resolution/index.html]
[aircrafta2z.com/iberia-upkeep-joins-honeywells-channel-companion-community-for-engine-and-element-assist/index.html]
[aircrafta2z.com/afi-klm-em-and-sunexpress-agree-six-year-engine-mro-deal/index.html]
[aircrafta2z.com/helicopter-rescue-groups-airlift-tons-of-from-devastated-alaskan-villages-truthful-lifts-helicopter-providers/index.html]
[aircrafta2z.com/the-helicopter-coaching-software-that-can-blow-your-thoughts/index.html]
[aircrafta2z.com/the-painfully-sluggish-takeoff-each-industrial-pilot-ought-to-grasp/index.html]
[aircrafta2z.com/new-unmanned-blackhawk-unveiled-by-sikorsky/index.html]
[aircrafta2z.com/raaf-revives-no-12-squadron-for-maritime-surveillance-australian-aviation/index.html]
[aircrafta2z.com/l3harris-iai-to-develop-israel-particular-model-of-sky-warden-mild-assault-plane/index.html]
[aircrafta2z.com/hawker-hunter-crashes-off-californian-coast-pilot-recovered/index.html]
[aircrafta2z.com/gopro-hero-13-overview-an-sincere-fingers-on-take-a-look-at-not-sponsored/index.html]
[aircrafta2z.com/electra-selects-evolito-to-provide-electrical-engines-for-the-el9-extremely-brief-hybrid-electrical-plane-suas-information/index.html]
[aircrafta2z.com/matrixspace-collection-b-funding-dronelife/index.html]
[aircrafta2z.com/european-drone-defence-initiative-dronelife/index.html]
[aircrafta2z.com/wrap-launches-subsequent-technology-drone-first-responder-interdiction-resolution-with-a-concentrate-on-non-deadly-response-suas-information/index.html]
[aircrafta2z.com/tiltangle-pipistrelle-suas-information/index.html]
[aircrafta2z.com/aopa-flight-coaching-scholarship-purposes-now-open-flight-coaching-central/index.html]
[aircrafta2z.com/netherlands-joins-u-s-collaborative-fight-plane-program/index.html]
[aircrafta2z.com/category/accidents/index.html]
[aircrafta2z.com/dmca/index.html]
[aircrafta2z.com/disclaimer/index.html]
[aircrafta2z.com/privacy-policy/index.html]
[aircrafta2z.com/cookie-privacy-policy/index.html]
[aircrafta2z.com/terms-and-conditions/index.html]
[aircrafta2z.com/contact-us/index.html]
[aircrafta2z.com/wp-includes/js/dist/hooks.min4fdd.js]
[aircrafta2z.com/wp-includes/js/dist/i18n.minc33c.js]
[aircrafta2z.com/wp-content/plugins/contact-form-7/includes/swv/js/index9b2d.js]
[aircrafta2z.com/wp-content/plugins/contact-form-7/includes/js/index9b2d.js]
[aircrafta2z.com/wp-includes/js/comment-reply.min32d4.js]
[aircrafta2z.com/wp-includes/js/hoverIntent.min3e5a.js]
[aircrafta2z.com/wp-includes/js/imagesloaded.minbb93.js]
[aircrafta2z.com/wp-content/themes/jnews/assets/dist/frontend.minc74e.js]
[aircrafta2z.com/wp-content/plugins/google-site-kit/dist/assets/js/googlesitekit-events-provider-contact-form-7-84e9a1056bc4922b7cbd.js]
[aircrafta2z.com/wp-content/plugins/jnews-like/assets/js/plugin5247.js]
[aircrafta2z.com/wp-content/plugins/jnews-push-notification/assets/js/plugin5247.js]
[aircrafta2z.com/wp-content/plugins/js_composer/assets/js/dist/js_composer_front.min8717.js]
[aircrafta2z.com/POST.html]
[aircrafta2z.com/wp-content/plugins/js_composer/assets/vc/alert.html]
[aircrafta2z.com/wp-content/plugins/js_composer/assets/vc/info.html]
[aircrafta2z.com/wp-content/plugins/js_composer/assets/vc/tick.html]
[aircrafta2z.com/wp-content/plugins/js_composer/assets/vc/exclamation.html]
[aircrafta2z.com/wp-content/plugins/js_composer/assets/images/icons/address-book.html]
[aircrafta2z.com/wp-content/plugins/js_composer/assets/images/icons/alarm-clock.html]
[aircrafta2z.com/wp-content/plugins/js_composer/assets/images/icons/anchor.html]
[aircrafta2z.com/wp-content/plugins/js_composer/assets/images/icons/application-image.html]
[aircrafta2z.com/wp-content/plugins/js_composer/assets/images/icons/arrow.html]
[aircrafta2z.com/wp-content/plugins/js_composer/assets/images/icons/asterisk.html]
[aircrafta2z.com/wp-content/plugins/js_composer/assets/images/icons/auction-hammer.html]
[aircrafta2z.com/wp-content/plugins/js_composer/assets/images/icons/balloon.html]
[aircrafta2z.com/wp-content/plugins/js_composer/assets/images/icons/balloon-buzz.html]
[aircrafta2z.com/wp-content/plugins/js_composer/assets/images/icons/balloon-facebook.html]
[aircrafta2z.com/wp-content/plugins/js_composer/assets/images/icons/balloon-twitter.html]
[aircrafta2z.com/wp-content/plugins/js_composer/assets/images/icons/battery-full.html]
[aircrafta2z.com/wp-content/plugins/js_composer/assets/images/icons/binocular.html]
[aircrafta2z.com/wp-content/plugins/js_composer/assets/images/icons/blue-document-excel.html]
[aircrafta2z.com/wp-content/plugins/js_composer/assets/images/icons/blue-document-image.html]
[aircrafta2z.com/wp-content/plugins/js_composer/assets/images/icons/blue-document-music.html]
[aircrafta2z.com/wp-content/plugins/js_composer/assets/images/icons/blue-document-office.html]
[aircrafta2z.com/wp-content/plugins/js_composer/assets/images/icons/blue-document-pdf.html]
[aircrafta2z.com/wp-content/plugins/js_composer/assets/images/icons/blue-document-powerpoint.html]
[aircrafta2z.com/wp-content/plugins/js_composer/assets/images/icons/blue-document-word.html]
[aircrafta2z.com/wp-content/plugins/js_composer/assets/images/icons/bookmark.html]
[aircrafta2z.com/wp-content/plugins/js_composer/assets/images/icons/camcorder.html]
[aircrafta2z.com/wp-content/plugins/js_composer/assets/images/icons/camera.html]
[aircrafta2z.com/wp-content/plugins/js_composer/assets/images/icons/chart.html]
[aircrafta2z.com/wp-content/plugins/js_composer/assets/images/icons/chart-pie.html]
[aircrafta2z.com/wp-content/plugins/js_composer/assets/images/icons/clock.html]
[aircrafta2z.com/wp-content/plugins/js_composer/assets/images/icons/control.html]
[aircrafta2z.com/wp-content/plugins/js_composer/assets/images/icons/fire.html]
[aircrafta2z.com/wp-content/plugins/js_composer/assets/images/icons/heart.html]
[aircrafta2z.com/wp-content/plugins/js_composer/assets/images/icons/mail.html]
[aircrafta2z.com/wp-content/plugins/js_composer/assets/images/icons/plus-shield.html]
[aircrafta2z.com/wp-content/plugins/js_composer/assets/images/icons/video.html]
[aircrafta2z.com/wp-content/plugins/js_composer/assets/fonts/vc_icons_v3/fonts/vcpb-plugin-icons5574.html]
[aircrafta2z.com/wp-content/plugins/js_composer/assets/fonts/vc_icons_v3/fonts/vcpb-plugin-icons5574-2.html]
[aircrafta2z.com/wp-content/plugins/js_composer/assets/fonts/vc_icons_v3/fonts/vcpb-plugin-icons5574-3.html]
[aircrafta2z.com/wp-content/plugins/js_composer/assets/fonts/vc_icons_v3/fonts/vcpb-plugin-icons5574-4.html]
[aircrafta2z.com/wp-content/plugins/js_composer/assets/images/toggle_open.html]
[aircrafta2z.com/wp-content/plugins/js_composer/assets/images/toggle_close.html]
[aircrafta2z.com/wp-content/plugins/js_composer/assets/images/flickr.html]
[aircrafta2z.com/wp-content/plugins/js_composer/assets/vc/blur.html]
[aircrafta2z.com/wp-content/plugins/js_composer/assets/fonts/vc_grid/vc_grid_v157a1.html]
[aircrafta2z.com/wp-content/plugins/js_composer/assets/fonts/vc_grid/vc_grid_v1d41d.html]
[aircrafta2z.com/wp-content/plugins/js_composer/assets/fonts/vc_grid/vc_grid_v157a1-2.html]
[aircrafta2z.com/wp-content/plugins/js_composer/assets/fonts/vc_grid/vc_grid_v157a1-3.html]
[aircrafta2z.com/wp-content/plugins/js_composer/assets/fonts/vc_grid/vc_grid_v157a1-4.html]
[aircrafta2z.com/wp-content/plugins/js_composer/assets/images/spinner.html]
[aircrafta2z.com/wp-content/plugins/js_composer/assets/vc/remove.html]
[aircrafta2z.com/wp-content/themes/jnews/assets/dist/font/fontawesome-webfont.html]
[aircrafta2z.com/wp-content/themes/jnews/assets/dist/font/fontawesome-webfontd41d.html]
[aircrafta2z.com/wp-content/themes/jnews/assets/dist/font/fontawesome-webfont-2.html]
[aircrafta2z.com/wp-content/themes/jnews/assets/dist/font/fontawesome-webfont-3.html]
[aircrafta2z.com/wp-content/themes/jnews/assets/dist/font/fontawesome-webfont-4.html]
[aircrafta2z.com/wp-content/themes/jnews/assets/dist/font/jegicon.html]
[aircrafta2z.com/wp-content/themes/jnews/assets/dist/font/jegicond41d.html]
[aircrafta2z.com/wp-content/themes/jnews/assets/dist/font/jegicon-2.html]
[aircrafta2z.com/wp-content/themes/jnews/assets/dist/font/jegicon-3.html]
[aircrafta2z.com/wp-content/themes/jnews/assets/dist/font/jegicon-4.html]
[aircrafta2z.com/wp-content/themes/jnews/assets/dist/image/chosen-sprite.html]
[aircrafta2z.com/wp-content/themes/jnews/assets/dist/image/chosen-sprite@2x.html]
[aircrafta2z.com/wp-content/themes/jnews/assets/dist/image/default-skin.html]
[aircrafta2z.com/wp-content/themes/jnews/assets/dist/font/default-skin.html]
[aircrafta2z.com/wp-content/themes/jnews/assets/dist/image/preloader.html]
[aircrafta2z.com/wp-content/themes/jnews/assets/dist/image/tiktok-light.html]
[aircrafta2z.com/wp-content/themes/jnews/assets/dist/image/tiktok-colored.html]
[aircrafta2z.com/wp-content/themes/jnews/assets/dist/image/tiktok-light-small.html]
[aircrafta2z.com/wp-content/themes/jnews/assets/dist/image/tiktok-colored-small.html]
[aircrafta2z.com/wp-content/themes/jnews/assets/dist/image/hatena-share.html]
[aircrafta2z.com/wp-content/themes/jnews/assets/dist/image/dashboard.html]
[aircrafta2z.com/wp-content/themes/jnews/assets/img/preloader-dark.html]
[aircrafta2z.com/wp-content/themes/jnews/assets/img/tiktok-colored.html]
[aircrafta2z.com/wp-content/themes/jnews/assets/img/tiktok-colored-small.html]
[aircrafta2z.com/category/aircraft/page/2/index.html]
[aircrafta2z.com/category/aircraft/feed/index.html]
[aircrafta2z.com/wp-json/wp/v2/categories/2.html]
[aircrafta2z.com/wp-content/uploads/2025/07/4k-plane-39efmsuz0fhub1c3.html]
[aircrafta2z.com/qantas-defends-deliberate-change-to-cabin-door-procedures-australian-aviation/index.html]
[aircrafta2z.com/chinese-language-airways-push-again-in-opposition-to-trumps-plan-to-ban-russian-overflights/index.html]
[aircrafta2z.com/pets-fly-in-virgin-cabin-for-the-primary-time-australian-aviation/index.html]
[aircrafta2z.com/american-airways-retro-jet-marks-100-years-of-flight-in-model/index.html]
[aircrafta2z.com/belgrade-airport-maintains-document-passenger-run/index.html]
[aircrafta2z.com/category/aircraft/page/41/index.html]
[aircrafta2z.com/tag/air/index.html]
[aircrafta2z.com/tag/airbus/index.html]
[aircrafta2z.com/tag/aircraft/index.html]
[aircrafta2z.com/tag/airlines/index.html]
[aircrafta2z.com/tag/airport/index.html]
[aircrafta2z.com/tag/airports/index.html]
[aircrafta2z.com/tag/airways/index.html]
[aircrafta2z.com/tag/announces/index.html]
[aircrafta2z.com/tag/australian/index.html]
[aircrafta2z.com/tag/aviation/index.html]
[aircrafta2z.com/tag/blogs/index.html]
[aircrafta2z.com/tag/boeing/index.html]
[aircrafta2z.com/tag/business/index.html]
[aircrafta2z.com/tag/cargo/index.html]
[aircrafta2z.com/tag/central/index.html]
[aircrafta2z.com/tag/cranky/index.html]
[aircrafta2z.com/tag/drone/index.html]
[aircrafta2z.com/tag/dronelife/index.html]
[aircrafta2z.com/tag/drones/index.html]
[aircrafta2z.com/tag/engine/index.html]
[aircrafta2z.com/tag/fair/index.html]
[aircrafta2z.com/tag/flier/index.html]
[aircrafta2z.com/tag/flight/index.html]
[aircrafta2z.com/tag/flights/index.html]
[aircrafta2z.com/tag/flying/index.html]
[aircrafta2z.com/tag/helicopter/index.html]
[aircrafta2z.com/tag/landing/index.html]
[aircrafta2z.com/tag/launches/index.html]
[aircrafta2z.com/tag/lifts/index.html]
[aircrafta2z.com/tag/news/index.html]
[aircrafta2z.com/tag/operations/index.html]
[aircrafta2z.com/tag/pilot/index.html]
[aircrafta2z.com/tag/pilots/index.html]
[aircrafta2z.com/tag/program/index.html]
[aircrafta2z.com/tag/radar/index.html]
[aircrafta2z.com/tag/review/index.html]
[aircrafta2z.com/tag/routes/index.html]
[aircrafta2z.com/tag/service/index.html]
[aircrafta2z.com/tag/services/index.html]
[aircrafta2z.com/tag/spirit/index.html]
[aircrafta2z.com/tag/suas/index.html]
[aircrafta2z.com/tag/test/index.html]
[aircrafta2z.com/tag/training/index.html]
[aircrafta2z.com/tag/travel/index.html]
[aircrafta2z.com/tag/u-s/index.html]
[aircrafta2z.com/category/aircraft/POST.html]
[aircrafta2z.com/category/airlines/page/2/index.html]
[aircrafta2z.com/category/airlines/feed/index.html]
[aircrafta2z.com/wp-json/wp/v2/categories/3.html]
[aircrafta2z.com/american-airways-elevates-the-inflight-and-lounge-experiences-with-new-lavazza-espresso-partnership/index.html]
[aircrafta2z.com/united-mileageplus-debit-rewards/index.html]
[aircrafta2z.com/stay-from-las-vegas-our-first-automated-reside-stream/index.html]
[aircrafta2z.com/present-welcome-presents-on-chase-world-of-hyatt-bank-cards/index.html]
[aircrafta2z.com/southwest-introduces-first-737-max-with-new-inside/index.html]
[aircrafta2z.com/southwest-airways-introduces-its-new-cabin-design-on-boeing-737-8-max-8-n8972s/index.html]
[aircrafta2z.com/extremely-lengthy-haul-flights-nonstop-journeys-over-16-hours-defined/index.html]
[aircrafta2z.com/category/airlines/page/46/index.html]
[aircrafta2z.com/category/airlines/POST.html]
[aircrafta2z.com/category/airports/page/2/index.html]
[aircrafta2z.com/category/airports/feed/index.html]
[aircrafta2z.com/wp-json/wp/v2/categories/8.html]
[aircrafta2z.com/british-airways-launches-new-lounge-design-and-two-new-places-journey-radar/index.html]
[aircrafta2z.com/brisbane-airport-ceo-lays-out-pre-olympics-priorities-australian-aviation/index.html]
[aircrafta2z.com/geneva-airport-adopts-new-aos-system-progressing-digitalisation/index.html]
[aircrafta2z.com/aussie-first-sustainable-aviation-gasoline-mixing-plant-comes-on-line-australian-aviation/index.html]
[aircrafta2z.com/dhl-airbus-a300-suffers-tail-strike-after-wobbly-touchdown/index.html]
[aircrafta2z.com/category/airports/page/20/index.html]
[aircrafta2z.com/category/airports/POST.html]
[aircrafta2z.com/category/aviation-technology/page/2/index.html]
[aircrafta2z.com/category/aviation-technology/feed/index.html]
[aircrafta2z.com/wp-json/wp/v2/categories/9.html]
[aircrafta2z.com/mauritania-airways-chooses-standardaero-for-engine-mro-help/index.html]
[aircrafta2z.com/norse-atlantic-and-epcor-signal-aps5000-upkeep-assist-deal/index.html]
[aircrafta2z.com/avolon-agrees-lease-deal-for-six-737-max-to-royal-air-maroc/index.html]
[aircrafta2z.com/afi-klm-em-indicators-engine-mro-take-care-of-shenzhen-airways-and-kunming-airways/index.html]
[aircrafta2z.com/waf-2026-saudi-low-price-provider-flyadeal-widens-agent-distribution-with-amadeus-deal/index.html]
[aircrafta2z.com/waf-2025-derbysoft-unveils-next-gen-distribution-platform-with-airasia-as-launch-accomplice/index.html]
[aircrafta2z.com/airbus-delivers-73-airliners-in-september-and-good-points-10-orders/index.html]
[aircrafta2z.com/why-are-airways-grounding-the-a220-the-engines-are-guilty/index.html]
[aircrafta2z.com/category/aviation-technology/page/10/index.html]
[aircrafta2z.com/category/aviation-technology/POST.html]
[aircrafta2z.com/category/drones/page/2/index.html]
[aircrafta2z.com/category/drones/feed/index.html]
[aircrafta2z.com/wp-json/wp/v2/categories/6.html]
[aircrafta2z.com/military-drone-manufacturing-dronelife/index.html]
[aircrafta2z.com/brinc-to-exhibit-subsequent-technology-public-security-drone-expertise-at-iacp-2025-suas-information/index.html]
[aircrafta2z.com/zeroeyes-ai-gun-detection-expands-to-drones-for-actual-time-faculty-and-public-security/index.html]
[aircrafta2z.com/baltic-firms-full-totally-automated-drone-interception/index.html]
[aircrafta2z.com/bluetti-elite-v2-lineup-breakdown-selecting-the-proper-energy-station-for-your-wants/index.html]
[aircrafta2z.com/category/drones/page/38/index.html]
[aircrafta2z.com/category/drones/POST.html]
[aircrafta2z.com/category/helicopters/page/2/index.html]
[aircrafta2z.com/category/helicopters/feed/index.html]
